2021-08-27 06:24:37.381 [nioEventLoopGroup-5-1] INFO  bftsmart.tom.BidlFrontend - bidl: received enough transactions. Num:500
2021-08-27 06:24:37.418 [nioEventLoopGroup-5-1] INFO  bftsmart.tom.BidlFrontend - bidl: received enough transactions. Num:1000
2021-08-27 06:24:37.456 [nioEventLoopGroup-5-1] INFO  bftsmart.tom.BidlFrontend - bidl: received enough transactions. Num:1500
2021-08-27 06:24:37.488 [nioEventLoopGroup-5-1] INFO  bftsmart.tom.BidlFrontend - bidl: received enough transactions. Num:2000
2021-08-27 06:24:37.549 [nioEventLoopGroup-5-1] INFO  bftsmart.tom.BidlFrontend - bidl: received enough transactions. Num:2500
2021-08-27 06:24:37.582 [nioEventLoopGroup-5-1] INFO  bftsmart.tom.BidlFrontend - bidl: received enough transactions. Num:3000
2021-08-27 06:24:37.614 [nioEventLoopGroup-5-1] INFO  bftsmart.tom.BidlFrontend - bidl: received enough transactions. Num:3500
2021-08-27 06:24:37.644 [nioEventLoopGroup-5-1] INFO  bftsmart.tom.BidlFrontend - bidl: received enough transactions. Num:4000
2021-08-27 06:24:37.678 [nioEventLoopGroup-5-1] INFO  bftsmart.tom.BidlFrontend - bidl: received enough transactions. Num:4500
2021-08-27 06:24:37.710 [nioEventLoopGroup-5-1] INFO  bftsmart.tom.BidlFrontend - bidl: received enough transactions. Num:5000
2021-08-27 06:24:37.743 [nioEventLoopGroup-5-1] INFO  bftsmart.tom.BidlFrontend - bidl: received enough transactions. Num:5500
2021-08-27 06:24:37.780 [nioEventLoopGroup-5-1] INFO  bftsmart.tom.BidlFrontend - bidl: received enough transactions. Num:6000
2021-08-27 06:24:37.826 [nioEventLoopGroup-5-1] INFO  bftsmart.tom.BidlFrontend - bidl: received enough transactions. Num:6500
2021-08-27 06:24:37.902 [nioEventLoopGroup-5-1] INFO  bftsmart.tom.BidlFrontend - bidl: received enough transactions. Num:7000
2021-08-27 06:24:37.944 [nioEventLoopGroup-5-1] INFO  bftsmart.tom.BidlFrontend - bidl: received enough transactions. Num:7500
2021-08-27 06:24:37.974 [nioEventLoopGroup-5-1] INFO  bftsmart.tom.BidlFrontend - bidl: received enough transactions. Num:8000
2021-08-27 06:24:37.992 [nioEventLoopGroup-5-1] INFO  bftsmart.tom.BidlFrontend - bidl: received enough transactions. Num:8500
2021-08-27 06:24:38.021 [nioEventLoopGroup-5-1] INFO  bftsmart.tom.BidlFrontend - bidl: received enough transactions. Num:9000
2021-08-27 06:24:38.046 [nioEventLoopGroup-5-1] INFO  bftsmart.tom.BidlFrontend - bidl: received enough transactions. Num:9500
2021-08-27 06:24:38.063 [nioEventLoopGroup-5-1] INFO  bftsmart.tom.BidlFrontend - bidl: received enough transactions. Num:10000
2021-08-27 06:24:38.112 [nioEventLoopGroup-5-1] INFO  bftsmart.tom.BidlFrontend - bidl: received enough transactions. Num:10500
2021-08-27 06:24:38.128 [nioEventLoopGroup-5-1] INFO  bftsmart.tom.BidlFrontend - bidl: received enough transactions. Num:11000
2021-08-27 06:24:38.146 [nioEventLoopGroup-5-1] INFO  bftsmart.tom.BidlFrontend - bidl: received enough transactions. Num:11500
2021-08-27 06:24:38.165 [nioEventLoopGroup-5-1] INFO  bftsmart.tom.BidlFrontend - bidl: received enough transactions. Num:12000
2021-08-27 06:24:38.190 [nioEventLoopGroup-5-1] INFO  bftsmart.tom.BidlFrontend - bidl: received enough transactions. Num:12500
2021-08-27 06:24:38.206 [nioEventLoopGroup-5-1] INFO  bftsmart.tom.BidlFrontend - bidl: received enough transactions. Num:13000
2021-08-27 06:24:38.223 [nioEventLoopGroup-5-1] INFO  bftsmart.tom.BidlFrontend - bidl: received enough transactions. Num:13500
2021-08-27 06:24:38.241 [nioEventLoopGroup-5-1] INFO  bftsmart.tom.BidlFrontend - bidl: received enough transactions. Num:14000
2021-08-27 06:24:38.263 [nioEventLoopGroup-5-1] INFO  bftsmart.tom.BidlFrontend - bidl: received enough transactions. Num:14500
2021-08-27 06:24:38.282 [nioEventLoopGroup-5-1] INFO  bftsmart.tom.BidlFrontend - bidl: received enough transactions. Num:15000
2021-08-27 06:24:38.301 [nioEventLoopGroup-5-1] INFO  bftsmart.tom.BidlFrontend - bidl: received enough transactions. Num:15500
2021-08-27 06:24:38.321 [nioEventLoopGroup-5-1] INFO  bftsmart.tom.BidlFrontend - bidl: received enough transactions. Num:16000
2021-08-27 06:24:38.335 [nioEventLoopGroup-5-1] INFO  bftsmart.tom.BidlFrontend - bidl: received enough transactions. Num:16500
2021-08-27 06:24:38.352 [nioEventLoopGroup-5-1] INFO  bftsmart.tom.BidlFrontend - bidl: received enough transactions. Num:17000
2021-08-27 06:24:38.369 [nioEventLoopGroup-5-1] INFO  bftsmart.tom.BidlFrontend - bidl: received enough transactions. Num:17500
2021-08-27 06:24:38.386 [nioEventLoopGroup-5-1] INFO  bftsmart.tom.BidlFrontend - bidl: received enough transactions. Num:18000
2021-08-27 06:24:38.403 [nioEventLoopGroup-5-1] INFO  bftsmart.tom.BidlFrontend - bidl: received enough transactions. Num:18500
2021-08-27 06:24:38.420 [nioEventLoopGroup-5-1] INFO  bftsmart.tom.BidlFrontend - bidl: received enough transactions. Num:19000
2021-08-27 06:24:38.438 [nioEventLoopGroup-5-1] INFO  bftsmart.tom.BidlFrontend - bidl: received enough transactions. Num:19500
2021-08-27 06:24:38.454 [nioEventLoopGroup-5-1] INFO  bftsmart.tom.BidlFrontend - bidl: received enough transactions. Num:20000
2021-08-27 06:24:38.474 [nioEventLoopGroup-5-1] INFO  bftsmart.tom.BidlFrontend - bidl: received enough transactions. Num:20500
2021-08-27 06:24:38.492 [nioEventLoopGroup-5-1] INFO  bftsmart.tom.BidlFrontend - bidl: received enough transactions. Num:21000
2021-08-27 06:24:38.508 [nioEventLoopGroup-5-1] INFO  bftsmart.tom.BidlFrontend - bidl: received enough transactions. Num:21500
2021-08-27 06:24:38.524 [nioEventLoopGroup-5-1] INFO  bftsmart.tom.BidlFrontend - bidl: received enough transactions. Num:22000
2021-08-27 06:24:38.545 [nioEventLoopGroup-5-1] INFO  bftsmart.tom.BidlFrontend - bidl: received enough transactions. Num:22500
2021-08-27 06:24:38.563 [nioEventLoopGroup-5-1] INFO  bftsmart.tom.BidlFrontend - bidl: received enough transactions. Num:23000
2021-08-27 06:24:38.581 [nioEventLoopGroup-5-1] INFO  bftsmart.tom.BidlFrontend - bidl: received enough transactions. Num:23500
2021-08-27 06:24:38.598 [nioEventLoopGroup-5-1] INFO  bftsmart.tom.BidlFrontend - bidl: received enough transactions. Num:24000
2021-08-27 06:24:38.615 [nioEventLoopGroup-5-1] INFO  bftsmart.tom.BidlFrontend - bidl: received enough transactions. Num:24500
2021-08-27 06:24:38.631 [nioEventLoopGroup-5-1] INFO  bftsmart.tom.BidlFrontend - bidl: received enough transactions. Num:25000
2021-08-27 06:24:38.645 [nioEventLoopGroup-5-1] INFO  bftsmart.tom.BidlFrontend - bidl: received enough transactions. Num:25500
2021-08-27 06:24:38.672 [nioEventLoopGroup-5-1] INFO  bftsmart.tom.BidlFrontend - bidl: received enough transactions. Num:26000
2021-08-27 06:24:38.686 [nioEventLoopGroup-5-1] INFO  bftsmart.tom.BidlFrontend - bidl: received enough transactions. Num:26500
2021-08-27 06:24:38.709 [nioEventLoopGroup-5-1] INFO  bftsmart.tom.BidlFrontend - bidl: received enough transactions. Num:27000
2021-08-27 06:24:38.726 [nioEventLoopGroup-5-1] INFO  bftsmart.tom.BidlFrontend - bidl: received enough transactions. Num:27500
2021-08-27 06:24:38.745 [nioEventLoopGroup-5-1] INFO  bftsmart.tom.BidlFrontend - bidl: received enough transactions. Num:28000
2021-08-27 06:24:38.762 [nioEventLoopGroup-5-1] INFO  bftsmart.tom.BidlFrontend - bidl: received enough transactions. Num:28500
2021-08-27 06:24:38.779 [nioEventLoopGroup-5-1] INFO  bftsmart.tom.BidlFrontend - bidl: received enough transactions. Num:29000
2021-08-27 06:24:38.793 [nioEventLoopGroup-5-1] INFO  bftsmart.tom.BidlFrontend - bidl: received enough transactions. Num:29500
2021-08-27 06:24:38.807 [nioEventLoopGroup-5-1] INFO  bftsmart.tom.BidlFrontend - bidl: received enough transactions. Num:30000
2021-08-27 06:24:38.822 [nioEventLoopGroup-5-1] INFO  bftsmart.tom.BidlFrontend - bidl: received enough transactions. Num:30500
2021-08-27 06:24:38.842 [nioEventLoopGroup-5-1] INFO  bftsmart.tom.BidlFrontend - bidl: received enough transactions. Num:31000
2021-08-27 06:24:38.861 [nioEventLoopGroup-5-1] INFO  bftsmart.tom.BidlFrontend - bidl: received enough transactions. Num:31500
2021-08-27 06:24:38.878 [nioEventLoopGroup-5-1] INFO  bftsmart.tom.BidlFrontend - bidl: received enough transactions. Num:32000
2021-08-27 06:24:38.897 [nioEventLoopGroup-5-1] INFO  bftsmart.tom.BidlFrontend - bidl: received enough transactions. Num:32500
2021-08-27 06:24:38.913 [nioEventLoopGroup-5-1] INFO  bftsmart.tom.BidlFrontend - bidl: received enough transactions. Num:33000
2021-08-27 06:24:38.926 [nioEventLoopGroup-5-1] INFO  bftsmart.tom.BidlFrontend - bidl: received enough transactions. Num:33500
2021-08-27 06:24:38.943 [nioEventLoopGroup-5-1] INFO  bftsmart.tom.BidlFrontend - bidl: received enough transactions. Num:34000
2021-08-27 06:24:38.973 [nioEventLoopGroup-5-1] INFO  bftsmart.tom.BidlFrontend - bidl: received enough transactions. Num:34500
2021-08-27 06:24:38.996 [nioEventLoopGroup-5-1] INFO  bftsmart.tom.BidlFrontend - bidl: received enough transactions. Num:35000
2021-08-27 06:24:39.012 [nioEventLoopGroup-5-1] INFO  bftsmart.tom.BidlFrontend - bidl: received enough transactions. Num:35500
2021-08-27 06:24:39.026 [nioEventLoopGroup-5-1] INFO  bftsmart.tom.BidlFrontend - bidl: received enough transactions. Num:36000
2021-08-27 06:24:39.042 [nioEventLoopGroup-5-1] INFO  bftsmart.tom.BidlFrontend - bidl: received enough transactions. Num:36500
2021-08-27 06:24:39.061 [nioEventLoopGroup-5-1] INFO  bftsmart.tom.BidlFrontend - bidl: received enough transactions. Num:37000
2021-08-27 06:24:39.080 [nioEventLoopGroup-5-1] INFO  bftsmart.tom.BidlFrontend - bidl: received enough transactions. Num:37500
2021-08-27 06:24:39.096 [nioEventLoopGroup-5-1] INFO  bftsmart.tom.BidlFrontend - bidl: received enough transactions. Num:38000
2021-08-27 06:24:39.113 [nioEventLoopGroup-5-1] INFO  bftsmart.tom.BidlFrontend - bidl: received enough transactions. Num:38500
2021-08-27 06:24:39.130 [nioEventLoopGroup-5-1] INFO  bftsmart.tom.BidlFrontend - bidl: received enough transactions. Num:39000
2021-08-27 06:24:39.146 [nioEventLoopGroup-5-1] INFO  bftsmart.tom.BidlFrontend - bidl: received enough transactions. Num:39500
2021-08-27 06:24:39.163 [nioEventLoopGroup-5-1] INFO  bftsmart.tom.BidlFrontend - bidl: received enough transactions. Num:40000
2021-08-27 06:24:39.178 [nioEventLoopGroup-5-1] INFO  bftsmart.tom.BidlFrontend - bidl: received enough transactions. Num:40500
2021-08-27 06:24:39.194 [nioEventLoopGroup-5-1] INFO  bftsmart.tom.BidlFrontend - bidl: received enough transactions. Num:41000
2021-08-27 06:24:39.210 [nioEventLoopGroup-5-1] INFO  bftsmart.tom.BidlFrontend - bidl: received enough transactions. Num:41500
2021-08-27 06:24:39.224 [nioEventLoopGroup-5-1] INFO  bftsmart.tom.BidlFrontend - bidl: received enough transactions. Num:42000
2021-08-27 06:24:39.237 [nioEventLoopGroup-5-1] INFO  bftsmart.tom.BidlFrontend - bidl: received enough transactions. Num:42500
2021-08-27 06:24:39.251 [nioEventLoopGroup-5-1] INFO  bftsmart.tom.BidlFrontend - bidl: received enough transactions. Num:43000
2021-08-27 06:24:39.267 [nioEventLoopGroup-5-1] INFO  bftsmart.tom.BidlFrontend - bidl: received enough transactions. Num:43500
2021-08-27 06:24:39.280 [nioEventLoopGroup-5-1] INFO  bftsmart.tom.BidlFrontend - bidl: received enough transactions. Num:44000
2021-08-27 06:24:39.299 [nioEventLoopGroup-5-1] INFO  bftsmart.tom.BidlFrontend - bidl: received enough transactions. Num:44500
2021-08-27 06:24:39.319 [nioEventLoopGroup-5-1] INFO  bftsmart.tom.BidlFrontend - bidl: received enough transactions. Num:45000
2021-08-27 06:24:39.334 [nioEventLoopGroup-5-1] INFO  bftsmart.tom.BidlFrontend - bidl: received enough transactions. Num:45500
2021-08-27 06:24:39.347 [nioEventLoopGroup-5-1] INFO  bftsmart.tom.BidlFrontend - bidl: received enough transactions. Num:46000
2021-08-27 06:24:39.361 [nioEventLoopGroup-5-1] INFO  bftsmart.tom.BidlFrontend - bidl: received enough transactions. Num:46500
2021-08-27 06:24:39.374 [nioEventLoopGroup-5-1] INFO  bftsmart.tom.BidlFrontend - bidl: received enough transactions. Num:47000
2021-08-27 06:24:39.390 [nioEventLoopGroup-5-1] INFO  bftsmart.tom.BidlFrontend - bidl: received enough transactions. Num:47500
2021-08-27 06:24:39.403 [nioEventLoopGroup-5-1] INFO  bftsmart.tom.BidlFrontend - bidl: received enough transactions. Num:48000
2021-08-27 06:24:39.416 [nioEventLoopGroup-5-1] INFO  bftsmart.tom.BidlFrontend - bidl: received enough transactions. Num:48500
2021-08-27 06:24:39.429 [nioEventLoopGroup-5-1] INFO  bftsmart.tom.BidlFrontend - bidl: received enough transactions. Num:49000
2021-08-27 06:24:39.443 [nioEventLoopGroup-5-1] INFO  bftsmart.tom.BidlFrontend - bidl: received enough transactions. Num:49500
2021-08-27 06:24:39.456 [nioEventLoopGroup-5-1] INFO  bftsmart.tom.BidlFrontend - bidl: received enough transactions. Num:50000
2021-08-27 06:24:39.470 [nioEventLoopGroup-5-1] INFO  bftsmart.tom.BidlFrontend - bidl: received enough transactions. Num:50500
2021-08-27 06:24:39.483 [nioEventLoopGroup-5-1] INFO  bftsmart.tom.BidlFrontend - bidl: received enough transactions. Num:51000
2021-08-27 06:24:39.494 [nioEventLoopGroup-5-1] INFO  bftsmart.tom.BidlFrontend - bidl: received enough transactions. Num:51500
2021-08-27 06:24:39.505 [nioEventLoopGroup-5-1] INFO  bftsmart.tom.BidlFrontend - bidl: received enough transactions. Num:52000
2021-08-27 06:24:39.519 [nioEventLoopGroup-5-1] INFO  bftsmart.tom.BidlFrontend - bidl: received enough transactions. Num:52500
2021-08-27 06:24:39.532 [nioEventLoopGroup-5-1] INFO  bftsmart.tom.BidlFrontend - bidl: received enough transactions. Num:53000
2021-08-27 06:24:39.549 [nioEventLoopGroup-5-1] INFO  bftsmart.tom.BidlFrontend - bidl: received enough transactions. Num:53500
2021-08-27 06:24:39.568 [nioEventLoopGroup-5-1] INFO  bftsmart.tom.BidlFrontend - bidl: received enough transactions. Num:54000
2021-08-27 06:24:39.586 [nioEventLoopGroup-5-1] INFO  bftsmart.tom.BidlFrontend - bidl: received enough transactions. Num:54500
2021-08-27 06:24:39.601 [nioEventLoopGroup-5-1] INFO  bftsmart.tom.BidlFrontend - bidl: received enough transactions. Num:55000
2021-08-27 06:24:39.619 [nioEventLoopGroup-5-1] INFO  bftsmart.tom.BidlFrontend - bidl: received enough transactions. Num:55500
2021-08-27 06:24:39.634 [nioEventLoopGroup-5-1] INFO  bftsmart.tom.BidlFrontend - bidl: received enough transactions. Num:56000
2021-08-27 06:24:39.648 [nioEventLoopGroup-5-1] INFO  bftsmart.tom.BidlFrontend - bidl: received enough transactions. Num:56500
2021-08-27 06:24:39.662 [nioEventLoopGroup-5-1] INFO  bftsmart.tom.BidlFrontend - bidl: received enough transactions. Num:57000
2021-08-27 06:24:39.695 [nioEventLoopGroup-5-1] INFO  bftsmart.tom.BidlFrontend - bidl: received enough transactions. Num:57500
2021-08-27 06:24:39.709 [nioEventLoopGroup-5-1] INFO  bftsmart.tom.BidlFrontend - bidl: received enough transactions. Num:58000
2021-08-27 06:24:39.722 [nioEventLoopGroup-5-1] INFO  bftsmart.tom.BidlFrontend - bidl: received enough transactions. Num:58500
2021-08-27 06:24:39.741 [nioEventLoopGroup-5-1] INFO  bftsmart.tom.BidlFrontend - bidl: received enough transactions. Num:59000
2021-08-27 06:24:39.755 [nioEventLoopGroup-5-1] INFO  bftsmart.tom.BidlFrontend - bidl: received enough transactions. Num:59500
2021-08-27 06:24:39.773 [nioEventLoopGroup-5-1] INFO  bftsmart.tom.BidlFrontend - bidl: received enough transactions. Num:60000
2021-08-27 06:24:39.788 [nioEventLoopGroup-5-1] INFO  bftsmart.tom.BidlFrontend - bidl: received enough transactions. Num:60500
2021-08-27 06:24:39.801 [nioEventLoopGroup-5-1] INFO  bftsmart.tom.BidlFrontend - bidl: received enough transactions. Num:61000
2021-08-27 06:24:39.814 [nioEventLoopGroup-5-1] INFO  bftsmart.tom.BidlFrontend - bidl: received enough transactions. Num:61500
2021-08-27 06:24:39.832 [nioEventLoopGroup-5-1] INFO  bftsmart.tom.BidlFrontend - bidl: received enough transactions. Num:62000
2021-08-27 06:24:39.846 [nioEventLoopGroup-5-1] INFO  bftsmart.tom.BidlFrontend - bidl: received enough transactions. Num:62500
2021-08-27 06:24:39.862 [nioEventLoopGroup-5-1] INFO  bftsmart.tom.BidlFrontend - bidl: received enough transactions. Num:63000
2021-08-27 06:24:39.879 [nioEventLoopGroup-5-1] INFO  bftsmart.tom.BidlFrontend - bidl: received enough transactions. Num:63500
2021-08-27 06:24:39.891 [nioEventLoopGroup-5-1] INFO  bftsmart.tom.BidlFrontend - bidl: received enough transactions. Num:64000
2021-08-27 06:24:39.907 [nioEventLoopGroup-5-1] INFO  bftsmart.tom.BidlFrontend - bidl: received enough transactions. Num:64500
2021-08-27 06:24:39.924 [nioEventLoopGroup-5-1] INFO  bftsmart.tom.BidlFrontend - bidl: received enough transactions. Num:65000
2021-08-27 06:24:39.941 [nioEventLoopGroup-5-1] INFO  bftsmart.tom.BidlFrontend - bidl: received enough transactions. Num:65500
2021-08-27 06:24:39.958 [nioEventLoopGroup-5-1] INFO  bftsmart.tom.BidlFrontend - bidl: received enough transactions. Num:66000
2021-08-27 06:24:39.975 [nioEventLoopGroup-5-1] INFO  bftsmart.tom.BidlFrontend - bidl: received enough transactions. Num:66500
2021-08-27 06:24:39.990 [nioEventLoopGroup-5-1] INFO  bftsmart.tom.BidlFrontend - bidl: received enough transactions. Num:67000
2021-08-27 06:24:40.003 [nioEventLoopGroup-5-1] INFO  bftsmart.tom.BidlFrontend - bidl: received enough transactions. Num:67500
2021-08-27 06:24:40.016 [nioEventLoopGroup-5-1] INFO  bftsmart.tom.BidlFrontend - bidl: received enough transactions. Num:68000
2021-08-27 06:24:40.030 [nioEventLoopGroup-5-1] INFO  bftsmart.tom.BidlFrontend - bidl: received enough transactions. Num:68500
2021-08-27 06:24:40.042 [nioEventLoopGroup-5-1] INFO  bftsmart.tom.BidlFrontend - bidl: received enough transactions. Num:69000
2021-08-27 06:24:40.053 [nioEventLoopGroup-5-1] INFO  bftsmart.tom.BidlFrontend - bidl: received enough transactions. Num:69500
2021-08-27 06:24:40.064 [nioEventLoopGroup-5-1] INFO  bftsmart.tom.BidlFrontend - bidl: received enough transactions. Num:70000
2021-08-27 06:24:40.077 [nioEventLoopGroup-5-1] INFO  bftsmart.tom.BidlFrontend - bidl: received enough transactions. Num:70500
2021-08-27 06:24:40.090 [nioEventLoopGroup-5-1] INFO  bftsmart.tom.BidlFrontend - bidl: received enough transactions. Num:71000
2021-08-27 06:24:40.103 [nioEventLoopGroup-5-1] INFO  bftsmart.tom.BidlFrontend - bidl: received enough transactions. Num:71500
2021-08-27 06:24:40.116 [nioEventLoopGroup-5-1] INFO  bftsmart.tom.BidlFrontend - bidl: received enough transactions. Num:72000
2021-08-27 06:24:40.132 [nioEventLoopGroup-5-1] INFO  bftsmart.tom.BidlFrontend - bidl: received enough transactions. Num:72500
2021-08-27 06:24:40.150 [nioEventLoopGroup-5-1] INFO  bftsmart.tom.BidlFrontend - bidl: received enough transactions. Num:73000
2021-08-27 06:24:40.165 [nioEventLoopGroup-5-1] INFO  bftsmart.tom.BidlFrontend - bidl: received enough transactions. Num:73500
2021-08-27 06:24:40.178 [nioEventLoopGroup-5-1] INFO  bftsmart.tom.BidlFrontend - bidl: received enough transactions. Num:74000
2021-08-27 06:24:40.189 [nioEventLoopGroup-5-1] INFO  bftsmart.tom.BidlFrontend - bidl: received enough transactions. Num:74500
2021-08-27 06:24:40.206 [nioEventLoopGroup-5-1] INFO  bftsmart.tom.BidlFrontend - bidl: received enough transactions. Num:75000
2021-08-27 06:24:40.221 [nioEventLoopGroup-5-1] INFO  bftsmart.tom.BidlFrontend - bidl: received enough transactions. Num:75500
2021-08-27 06:24:40.246 [nioEventLoopGroup-5-1] INFO  bftsmart.tom.BidlFrontend - bidl: received enough transactions. Num:76000
2021-08-27 06:24:40.258 [nioEventLoopGroup-5-1] INFO  bftsmart.tom.BidlFrontend - bidl: received enough transactions. Num:76500
2021-08-27 06:24:40.269 [nioEventLoopGroup-5-1] INFO  bftsmart.tom.BidlFrontend - bidl: received enough transactions. Num:77000
2021-08-27 06:24:40.283 [nioEventLoopGroup-5-1] INFO  bftsmart.tom.BidlFrontend - bidl: received enough transactions. Num:77500
2021-08-27 06:24:40.298 [nioEventLoopGroup-5-1] INFO  bftsmart.tom.BidlFrontend - bidl: received enough transactions. Num:78000
2021-08-27 06:24:40.314 [nioEventLoopGroup-5-1] INFO  bftsmart.tom.BidlFrontend - bidl: received enough transactions. Num:78500
2021-08-27 06:24:40.330 [nioEventLoopGroup-5-1] INFO  bftsmart.tom.BidlFrontend - bidl: received enough transactions. Num:79000
2021-08-27 06:24:40.347 [nioEventLoopGroup-5-1] INFO  bftsmart.tom.BidlFrontend - bidl: received enough transactions. Num:79500
2021-08-27 06:24:40.365 [nioEventLoopGroup-5-1] INFO  bftsmart.tom.BidlFrontend - bidl: received enough transactions. Num:80000
2021-08-27 06:24:40.384 [nioEventLoopGroup-5-1] INFO  bftsmart.tom.BidlFrontend - bidl: received enough transactions. Num:80500
2021-08-27 06:24:40.396 [nioEventLoopGroup-5-1] INFO  bftsmart.tom.BidlFrontend - bidl: received enough transactions. Num:81000
2021-08-27 06:24:40.408 [nioEventLoopGroup-5-1] INFO  bftsmart.tom.BidlFrontend - bidl: received enough transactions. Num:81500
2021-08-27 06:24:40.420 [nioEventLoopGroup-5-1] INFO  bftsmart.tom.BidlFrontend - bidl: received enough transactions. Num:82000
2021-08-27 06:24:40.432 [nioEventLoopGroup-5-1] INFO  bftsmart.tom.BidlFrontend - bidl: received enough transactions. Num:82500
2021-08-27 06:24:40.445 [nioEventLoopGroup-5-1] INFO  bftsmart.tom.BidlFrontend - bidl: received enough transactions. Num:83000
2021-08-27 06:24:40.457 [nioEventLoopGroup-5-1] INFO  bftsmart.tom.BidlFrontend - bidl: received enough transactions. Num:83500
2021-08-27 06:24:40.470 [nioEventLoopGroup-5-1] INFO  bftsmart.tom.BidlFrontend - bidl: received enough transactions. Num:84000
2021-08-27 06:24:40.484 [nioEventLoopGroup-5-1] INFO  bftsmart.tom.BidlFrontend - bidl: received enough transactions. Num:84500
2021-08-27 06:24:40.497 [nioEventLoopGroup-5-1] INFO  bftsmart.tom.BidlFrontend - bidl: received enough transactions. Num:85000
2021-08-27 06:24:40.512 [nioEventLoopGroup-5-1] INFO  bftsmart.tom.BidlFrontend - bidl: received enough transactions. Num:85500
2021-08-27 06:24:40.524 [nioEventLoopGroup-5-1] INFO  bftsmart.tom.BidlFrontend - bidl: received enough transactions. Num:86000
2021-08-27 06:24:40.535 [nioEventLoopGroup-5-1] INFO  bftsmart.tom.BidlFrontend - bidl: received enough transactions. Num:86500
2021-08-27 06:24:40.548 [nioEventLoopGroup-5-1] INFO  bftsmart.tom.BidlFrontend - bidl: received enough transactions. Num:87000
2021-08-27 06:24:40.560 [nioEventLoopGroup-5-1] INFO  bftsmart.tom.BidlFrontend - bidl: received enough transactions. Num:87500
2021-08-27 06:24:40.575 [nioEventLoopGroup-5-1] INFO  bftsmart.tom.BidlFrontend - bidl: received enough transactions. Num:88000
2021-08-27 06:24:40.589 [nioEventLoopGroup-5-1] INFO  bftsmart.tom.BidlFrontend - bidl: received enough transactions. Num:88500
2021-08-27 06:24:40.601 [nioEventLoopGroup-5-1] INFO  bftsmart.tom.BidlFrontend - bidl: received enough transactions. Num:89000
2021-08-27 06:24:40.614 [nioEventLoopGroup-5-1] INFO  bftsmart.tom.BidlFrontend - bidl: received enough transactions. Num:89500
2021-08-27 06:24:40.626 [nioEventLoopGroup-5-1] INFO  bftsmart.tom.BidlFrontend - bidl: received enough transactions. Num:90000
2021-08-27 06:24:40.641 [nioEventLoopGroup-5-1] INFO  bftsmart.tom.BidlFrontend - bidl: received enough transactions. Num:90500
2021-08-27 06:24:40.656 [nioEventLoopGroup-5-1] INFO  bftsmart.tom.BidlFrontend - bidl: received enough transactions. Num:91000
2021-08-27 06:24:40.668 [nioEventLoopGroup-5-1] INFO  bftsmart.tom.BidlFrontend - bidl: received enough transactions. Num:91500
2021-08-27 06:24:40.680 [nioEventLoopGroup-5-1] INFO  bftsmart.tom.BidlFrontend - bidl: received enough transactions. Num:92000
2021-08-27 06:24:40.693 [nioEventLoopGroup-5-1] INFO  bftsmart.tom.BidlFrontend - bidl: received enough transactions. Num:92500
2021-08-27 06:24:40.706 [nioEventLoopGroup-5-1] INFO  bftsmart.tom.BidlFrontend - bidl: received enough transactions. Num:93000
2021-08-27 06:24:40.719 [nioEventLoopGroup-5-1] INFO  bftsmart.tom.BidlFrontend - bidl: received enough transactions. Num:93500
